// Vitest Snapshot v1

exports[`<Cinema> > renders and matches snapshot 1`] = `
<div>
  <div
    class="cinema fill"
  >
    <div />
  </div>
</div>
`;
