// Vitest Snapshot v1

exports[`<Video> > renders and matches snapshot 1`] = `
<div>
  <div
    class="video"
  >
    <div
      class="main mainPadding"
    >
      <div
        class="info"
      >
        <h2
          class="title"
        >
          Test video
        </h2>
        <div
          class="metaContainer"
        >
          <div
            class="meta"
          >
            1970 • 6m  • Tester • CC_CC
          </div>
        </div>
        <div
          class="collapsibleText"
        >
          <div
            class="textContainer description"
            style="max-height: none;"
          >
            Test item description
          </div>
        </div>
        <div
          class="buttonBar"
        >
          <button>
            Start watching
          </button>
          <button
            aria-label="video:add_to_favorites"
            class="button default outlined"
          >
            <div
              class="startIcon"
            >
              <svg
                aria-hidden="true"
                class="icon"
                focusable="false"
                viewBox="0 0 24 24"
                xmlns="http://www.w3.org/2000/svg"
              >
                <g>
                  <path
                    d="M12.1,18.55L12,18.65L11.89,18.55C7.14,14.24 4,11.39 4,8.5C4,6.5 5.5,5 7.5,5C9.04,5 10.54,6 11.07,7.36H12.93C13.46,6 14.96,5 16.5,5C18.5,5 20,6.5 20,8.5C20,11.39 16.86,14.24 12.1,18.55M16.5,3C14.76,3 13.09,3.81 12,5.08C10.91,3.81 9.24,3 7.5,3C4.42,3 2,5.41 2,8.5C2,12.27 5.4,15.36 10.55,20.03L12,21.35L13.45,20.03C18.6,15.36 22,12.27 22,8.5C22,5.41 19.58,3 16.5,3Z"
                  />
                </g>
              </svg>
            </div>
            <span>
              video:favorite
            </span>
          </button>
          <button
            class="button default outlined"
          >
            <div
              class="startIcon"
            >
              <svg
                aria-hidden="true"
                class="icon"
                focusable="false"
                viewBox="0 0 24 24"
                xmlns="http://www.w3.org/2000/svg"
              >
                <g>
                  <path
                    d="M18,16.08C17.24,16.08 16.56,16.38 16.04,16.85L8.91,12.7C8.96,12.47 9,12.24 9,12C9,11.76 8.96,11.53 8.91,11.3L15.96,7.19C16.5,7.69 17.21,8 18,8A3,3 0 0,0 21,5A3,3 0 0,0 18,2A3,3 0 0,0 15,5C15,5.24 15.04,5.47 15.09,5.7L8.04,9.81C7.5,9.31 6.79,9 6,9A3,3 0 0,0 3,12A3,3 0 0,0 6,15C6.79,15 7.5,14.69 8.04,14.19L15.16,18.34C15.11,18.55 15.08,18.77 15.08,19C15.08,20.61 16.39,21.91 18,21.91C19.61,21.91 20.92,20.61 20.92,19A2.92,2.92 0 0,0 18,16.08Z"
                  />
                </g>
              </svg>
            </div>
            <span>
              video:share
            </span>
          </button>
        </div>
      </div>
      <div
        class="poster fading"
        style="background-image: url(http://test/img.jpg);"
      />
    </div>
    <div
      style="transition: opacity 0.25s ease-in-out; opacity: 0;"
    >
      <div
        class="playerContainer"
      >
        <div
          class="player"
        >
          <div
            class="cinema fill"
          >
            <div />
          </div>
        </div>
        <div
          style="transition: opacity 0.25s ease-in-out; opacity: 0;"
        >
          <div
            class="playerOverlay"
          >
            <div
              class="playerContent"
            >
              <div
                aria-label="common:back"
                class="iconButton backButton"
                role="button"
                tabindex="0"
              >
                <svg
                  aria-hidden="true"
                  class="icon"
                  focusable="false"
                  viewBox="0 0 24 24"
                  xmlns="http://www.w3.org/2000/svg"
                >
                  <g>
                    <path
                      d="M20,11V13H8L13.5,18.5L12.08,19.92L4.16,12L12.08,4.08L13.5,5.5L8,11H20Z"
                    />
                  </g>
                </svg>
              </div>
              <div>
                <h2
                  class="title"
                >
                  Test video
                </h2>
                <div
                  class="metaContainer"
                >
                  <div
                    class="meta"
                  >
                    1970 • 6m  • Tester • CC_CC
                  </div>
                </div>
              </div>
            </div>
          </div>
        </div>
      </div>
    </div>
  </div>
</div>
`;
